src/ai/engine.ts(1,1): error TS6133: 'Color' is declared but its value is never read.
src/ai/engine.ts(1,10): error TS1484: 'Color' is a type and must be imported using a type-only import when 'verbatimModuleSyntax' is enabled.
src/ai/engine.ts(2,10): error TS1484: 'DifficultyLevel' is a type and must be imported using a type-only import when 'verbatimModuleSyntax' is enabled.
src/ai/engine.ts(6,13): error TS6133: 'isReady' is declared but its value is never read.
src/App.tsx(7,10): error TS1484: 'Square' is a type and must be imported using a type-only import when 'verbatimModuleSyntax' is enabled.
src/game/store.test.ts(1,44): error TS6133: 'vi' is declared but its value is never read.
src/game/store.test.ts(1,54): error TS2307: Cannot find module 'vitest' or its corresponding type declarations.
src/game/store.ts(2,17): error TS6133: 'Move' is declared but its value is never read.
src/game/store.ts(2,23): error TS1484: 'Color' is a type and must be imported using a type-only import when 'verbatimModuleSyntax' is enabled.
src/game/store.ts(2,30): error TS1484: 'PieceSymbol' is a type and must be imported using a type-only import when 'verbatimModuleSyntax' is enabled.
src/game/store.ts(2,30): error TS6133: 'PieceSymbol' is declared but its value is never read.
src/game/store.ts(3,10): error TS1484: 'GameState' is a type and must be imported using a type-only import when 'verbatimModuleSyntax' is enabled.
src/game/store.ts(3,21): error TS1484: 'GameStatus' is a type and must be imported using a type-only import when 'verbatimModuleSyntax' is enabled.
src/game/store.ts(3,33): error TS1484: 'DifficultyLevel' is a type and must be imported using a type-only import when 'verbatimModuleSyntax' is enabled.
src/game/types.ts(1,10): error TS6133: 'Chess' is declared but its value is never read.
src/game/types.ts(1,23): error TS1484: 'Color' is a type and must be imported using a type-only import when 'verbatimModuleSyntax' is enabled.
src/ui/ChessBoard.tsx(4,10): error TS1484: 'Square' is a type and must be imported using a type-only import when 'verbatimModuleSyntax' is enabled.
src/ui/ChessBoard.tsx(11,29): error TS2345: Argument of type 'Color' is not assignable to parameter of type 'SetStateAction<"white" | "black">'.
  Type '"w"' is not assignable to type 'SetStateAction<"white" | "black">'.
src/ui/ChessBoard.tsx(14,65): error TS6133: 'piece' is declared but its value is never read.
src/ui/ChessBoard.tsx(45,17): error TS2322: Type '{ id: string; position: string; onPieceDrop: (sourceSquare: Square, targetSquare: Square, piece: string) => boolean; boardOrientation: "white" | "black"; arePiecesDraggable: boolean; onPromotionPieceSelect: (piece?: string | undefined, sourceSquare?: Square | undefined, targetSquare?: Square | undefined) => boolean;...' is not assignable to type 'IntrinsicAttributes & ChessboardProps'.
  Property 'id' does not exist on type 'IntrinsicAttributes & ChessboardProps'.
src/ui/Controls.tsx(3,10): error TS6133: 'RotateCcw' is declared but its value is never read.
